../Core/Src/main.cpp:68:6:void HAL_TIM_PeriodElapsedCallback(TIM_HandleTypeDef*)	16	static
../Core/Src/main.cpp:78:6:void update_timer_period_us(uint32_t)	24	static
../Core/Src/main.cpp:93:5:int main()	80	static
../Core/Src/main.cpp:174:6:void SystemClock_Config()	72	static
../Core/Src/main.cpp:213:13:void MX_NVIC_Init()	8	static
../Core/Src/main.cpp:225:13:void MX_CAN_Init()	8	static
../Core/Src/main.cpp:262:13:void MX_TIM1_Init()	32	static
../Core/Src/main.cpp:308:13:void MX_TIM2_Init()	32	static
../Core/Src/main.cpp:354:13:void MX_TIM3_Init()	32	static
../Core/Src/main.cpp:399:13:void MX_GPIO_Init()	40	static
../Core/Src/main.cpp:474:6:void Error_Handler()	4	static,ignoring_inline_asm
