../Core/Src/stm32f1xx_it.cpp:71:6:void NMI_Handler()	4	static
../Core/Src/stm32f1xx_it.cpp:86:6:void HardFault_Handler()	4	static
../Core/Src/stm32f1xx_it.cpp:101:6:void MemManage_Handler()	4	static
../Core/Src/stm32f1xx_it.cpp:116:6:void BusFault_Handler()	4	static
../Core/Src/stm32f1xx_it.cpp:131:6:void UsageFault_Handler()	4	static
../Core/Src/stm32f1xx_it.cpp:146:6:void SVC_Handler()	4	static
../Core/Src/stm32f1xx_it.cpp:159:6:void DebugMon_Handler()	4	static
../Core/Src/stm32f1xx_it.cpp:172:6:void PendSV_Handler()	4	static
../Core/Src/stm32f1xx_it.cpp:185:6:void SysTick_Handler()	8	static
../Core/Src/stm32f1xx_it.cpp:206:6:void USB_LP_CAN1_RX0_IRQHandler()	8	static
../Core/Src/stm32f1xx_it.cpp:220:6:void CAN1_RX1_IRQHandler()	8	static
../Core/Src/stm32f1xx_it.cpp:234:6:void CAN1_SCE_IRQHandler()	8	static
../Core/Src/stm32f1xx_it.cpp:248:6:void TIM2_IRQHandler()	8	static
../Core/Src/stm32f1xx_it.cpp:262:6:void TIM3_IRQHandler()	8	static
